[technext.github.io/jony/index.html]
[backblue.gif]
[fade.gif]
[index.html]
[technext.github.io/jony/img/favicon.png]
[technext.github.io/jony/css/bootstrap.min.css]
[technext.github.io/jony/css/owl.carousel.min.css]
[technext.github.io/jony/css/magnific-popup.css]
[technext.github.io/jony/css/font-awesome.min.css]
[technext.github.io/jony/css/themify-icons.css]
[technext.github.io/jony/css/nice-select.css]
[technext.github.io/jony/css/flaticon.css]
[technext.github.io/jony/css/gijgo.css]
[technext.github.io/jony/css/animate.css]
[technext.github.io/jony/css/slick.css]
[technext.github.io/jony/css/slicknav.css]
[technext.github.io/jony/css/style.css]
[technext.github.io/jony/img/logo.png]
[technext.github.io/jony/Works.html]
[technext.github.io/jony/Services.html]
[technext.github.io/jony/works_details.html]
[technext.github.io/jony/elements.html]
[technext.github.io/jony/about.html]
[technext.github.io/jony/blog.html]
[technext.github.io/jony/single-blog.html]
[technext.github.io/jony/contact.html]
[technext.github.io/jony/img/about/my_img.png]
[technext.github.io/jony/img/svg_icon/1.svg]
[technext.github.io/jony/img/svg_icon/2.svg]
[technext.github.io/jony/img/svg_icon/3.svg]
[technext.github.io/jony/img/gallery/1.png]
[technext.github.io/jony/img/gallery/2.png]
[technext.github.io/jony/img/gallery/3.png]
[technext.github.io/jony/img/gallery/4.png]
[technext.github.io/jony/img/case/testmonial.png]
[cdnjs.cloudflare.com/ajax/libs/jqueryui/1.12.1/jquery-ui.min.js]
[technext.github.io/jony/js/vendor/modernizr-3.5.0.min.js]
[technext.github.io/jony/js/vendor/jquery-1.12.4.min.js]
[technext.github.io/jony/js/popper.min.js]
[technext.github.io/jony/js/bootstrap.min.js]
[technext.github.io/jony/js/owl.carousel.min.js]
[technext.github.io/jony/js/isotope.pkgd.min.js]
[technext.github.io/jony/js/ajax-form.js]
[technext.github.io/jony/js/waypoints.min.js]
[technext.github.io/jony/js/jquery.counterup.min.js]
[technext.github.io/jony/js/imagesloaded.pkgd.min.js]
[technext.github.io/jony/js/scrollIt.js]
[technext.github.io/jony/js/jquery.scrollUp.min.js]
[technext.github.io/jony/js/wow.min.js]
[technext.github.io/jony/js/nice-select.min.js]
[technext.github.io/jony/js/jquery.slicknav.min.js]
[technext.github.io/jony/js/jquery.magnific-popup.min.js]
[technext.github.io/jony/js/plugins.js]
[technext.github.io/jony/js/slick.min.js]
[technext.github.io/jony/js/contact.js]
[technext.github.io/jony/js/jquery.ajaxchimp.min.js]
[technext.github.io/jony/js/jquery.form.js]
[technext.github.io/jony/js/jquery.validate.min.js]
[technext.github.io/jony/js/mail-script.js]
[technext.github.io/jony/js/main.js]
[technext.github.io/jony/index.html]
[technext.github.io/jony/css/bootstrap.min.css]
[technext.github.io/jony/css/owl.video.play.png]
[technext.github.io/jony/css/owl.carousel.min.css]
[technext.github.io/jony/css/magnific-popup.css]
[technext.github.io/jony/fonts/fontawesome-webfont3e6e.eot]
[technext.github.io/jony/fonts/fontawesome-webfontd41d.eot]
[technext.github.io/jony/fonts/fontawesome-webfont3e6e.woff2]
[technext.github.io/jony/fonts/fontawesome-webfont3e6e.woff]
[technext.github.io/jony/fonts/fontawesome-webfont3e6e.ttf]
[technext.github.io/jony/css/font-awesome.min.css]
[technext.github.io/jony/fonts/fontawesome-webfont3e6e.svg]
[technext.github.io/jony/fonts/themify9f24.eot]
[technext.github.io/jony/fonts/themifyd41d.eot]
[technext.github.io/jony/fonts/themify9f24.woff]
[technext.github.io/jony/fonts/themify9f24.ttf]
[technext.github.io/jony/css/themify-icons.css]
[technext.github.io/jony/css/nice-select.css]
[technext.github.io/jony/fonts/themify9f24.svg]
[technext.github.io/jony/fonts/Flaticon.eot]
[technext.github.io/jony/fonts/Flaticond41d.eot]
[technext.github.io/jony/fonts/Flaticon.woff2]
[technext.github.io/jony/fonts/Flaticon.woff]
[technext.github.io/jony/fonts/Flaticon.ttf]
[technext.github.io/jony/fonts/Flaticon.svg]
[technext.github.io/jony/css/Flaticon.svg]
[technext.github.io/jony/css/flaticon.css]
[technext.github.io/jony/fonts/gijgo-materialba15.eot]
[technext.github.io/jony/fonts/gijgo-materialba15.ttf]
[technext.github.io/jony/fonts/gijgo-materialba15.woff]
[technext.github.io/jony/fonts/gijgo-materialba15.svg]
[technext.github.io/jony/css/gijgo.css]
[technext.github.io/jony/css/animate.css]
[technext.github.io/jony/css/slick.css]
[technext.github.io/jony/css/slicknav.css]
[technext.github.io/jony/img/slider/slider-img-1.jpg]
[technext.github.io/jony/img/background-img/bg-img-2.jpg]
[technext.github.io/jony/img/background-img/bg-img-3.jpg]
[technext.github.io/jony/img/banner/banner.png]
[technext.github.io/jony/img/banner/banner_2.png]
[technext.github.io/jony/img/banner/home_details.png]
[technext.github.io/jony/img/banner/footer_bg.png]
[technext.github.io/jony/img/banner/bradcam.png]
[technext.github.io/jony/img/banner/bradcam2.png]
[technext.github.io/jony/img/banner/bradcam3.png]
[technext.github.io/jony/img/elements/primary-check.png]
[technext.github.io/jony/img/elements/success-check.png]
[technext.github.io/jony/img/elements/disabled-check.png]
[technext.github.io/jony/img/elements/primary-radio.png]
[technext.github.io/jony/img/elements/success-radio.png]
[technext.github.io/jony/img/elements/disabled-radio.png]
[technext.github.io/jony/css/style.css]
[technext.github.io/jony/Works.html]
[technext.github.io/jony/Services.html]
[technext.github.io/jony/img/gallery/works_banner.png]
[technext.github.io/jony/works_details.html]
[technext.github.io/jony/img/elements/d.jpg]
[technext.github.io/jony/img/elements/f1.jpg]
[technext.github.io/jony/img/elements/f2.jpg]
[technext.github.io/jony/img/elements/f3.jpg]
[technext.github.io/jony/img/elements/f4.jpg]
[technext.github.io/jony/img/elements/f5.jpg]
[technext.github.io/jony/img/elements/f6.jpg]
[technext.github.io/jony/img/elements/f7.jpg]
[technext.github.io/jony/img/elements/f8.jpg]
[technext.github.io/jony/img/elements/g1.jpg]
[technext.github.io/jony/img/elements/g2.jpg]
[technext.github.io/jony/img/elements/g3.jpg]
[technext.github.io/jony/img/elements/g4.jpg]
[technext.github.io/jony/img/elements/g5.jpg]
[technext.github.io/jony/img/elements/g6.jpg]
[technext.github.io/jony/img/elements/g7.jpg]
[technext.github.io/jony/img/elements/g8.jpg]
[technext.github.io/jony/js/gijgo.min.js]
[technext.github.io/jony/elements.html]
[technext.github.io/jony/about.html]
[technext.github.io/jony/img/blog/single_blog_1.png]
[technext.github.io/jony/img/blog/single_blog_2.png]
[technext.github.io/jony/img/blog/single_blog_3.png]
[technext.github.io/jony/img/blog/single_blog_4.png]
[technext.github.io/jony/img/blog/single_blog_5.png]
[technext.github.io/jony/img/post/post_1.png]
[technext.github.io/jony/img/post/post_2.png]
[technext.github.io/jony/img/post/post_3.png]
[technext.github.io/jony/img/post/post_4.png]
[technext.github.io/jony/img/post/post_5.png]
[technext.github.io/jony/img/post/post_6.png]
[technext.github.io/jony/img/post/post_7.png]
[technext.github.io/jony/img/post/post_8.png]
[technext.github.io/jony/img/post/post_9.png]
[technext.github.io/jony/img/post/post_10.png]
[technext.github.io/jony/blog.html]
[technext.github.io/jony/img/post/preview.png]
[technext.github.io/jony/img/post/next.png]
[technext.github.io/jony/img/blog/author.png]
[technext.github.io/jony/img/comment/comment_1.png]
[technext.github.io/jony/img/comment/comment_2.png]
[technext.github.io/jony/img/comment/comment_3.png]
[technext.github.io/jony/single-blog.html]
[technext.github.io/jony/css/animate.min.css]
[technext.github.io/jony/contact.html]
[technext.github.io/jony/img/svg_icon/1.svg]
[technext.github.io/jony/img/svg_icon/2.svg]
[technext.github.io/jony/img/svg_icon/3.svg]
[technext.github.io/jony/css/owl.video.play.html]
[technext.github.io/jony/fonts/fontawesome-webfont3e6e.svg]
[technext.github.io/jony/fonts/themify9f24.svg]
[technext.github.io/jony/fonts/Flaticon.svg]
[technext.github.io/jony/css/Flaticon.html]
[technext.github.io/jony/fonts/gijgo-materialba15.svg]
[technext.github.io/jony/img/slider/slider-img-1.html]
[technext.github.io/jony/img/background-img/bg-img-2.html]
[technext.github.io/jony/img/background-img/bg-img-3.html]
[technext.github.io/jony/img/banner/bradcam2.html]
[technext.github.io/jony/img/banner/bradcam3.html]
[technext.github.io/jony/css/animate.min.html]
